

================================================================
== Vitis HLS Report for 'cordiccart2pol'
================================================================
* Date:           Fri Aug 12 21:23:43 2022

* Version:        2021.2 (Build 3367213 on Tue Oct 19 02:48:09 MDT 2021)
* Project:        codiccart2pol
* Solution:       solution1 (Vivado IP Flow Target)
* Product family: zynq
* Target device:  xc7z020-clg484-1


================================================================
== Performance Estimates
================================================================
+ Timing: 
    * Summary: 
    +--------+----------+----------+------------+
    |  Clock |  Target  | Estimated| Uncertainty|
    +--------+----------+----------+------------+
    |ap_clk  |  10.00 ns|  9.591 ns|     2.70 ns|
    +--------+----------+----------+------------+

+ Latency: 
    * Summary: 
    +---------+---------+----------+----------+-----+-----+---------+
    |  Latency (cycles) |  Latency (absolute) |  Interval | Pipeline|
    |   min   |   max   |    min   |    max   | min | max |   Type  |
    +---------+---------+----------+----------+-----+-----+---------+
    |      225|      225|  2.250 us|  2.250 us|  226|  226|       no|
    +---------+---------+----------+----------+-----+-----+---------+

    + Detail: 
        * Instance: 
        N/A

        * Loop: 
        N/A



================================================================
== Utilization Estimates
================================================================
* Summary: 
+-----------------+---------+-----+--------+-------+-----+
|       Name      | BRAM_18K| DSP |   FF   |  LUT  | URAM|
+-----------------+---------+-----+--------+-------+-----+
|DSP              |        -|    -|       -|      -|    -|
|Expression       |        -|    -|       0|   1696|    -|
|FIFO             |        -|    -|       -|      -|    -|
|Instance         |        0|   15|    1269|   2471|    -|
|Memory           |        -|    -|       -|      -|    -|
|Multiplexer      |        -|    -|       -|   1772|    -|
|Register         |        -|    -|     728|      -|    -|
+-----------------+---------+-----+--------+-------+-----+
|Total            |        0|   15|    1997|   5939|    0|
+-----------------+---------+-----+--------+-------+-----+
|Available        |      280|  220|  106400|  53200|    0|
+-----------------+---------+-----+--------+-------+-----+
|Utilization (%)  |        0|    6|       1|     11|    0|
+-----------------+---------+-----+--------+-------+-----+

+ Detail: 
    * Instance: 
    +---------------------------------------+------------------------------------+---------+----+-----+-----+-----+
    |                Instance               |               Module               | BRAM_18K| DSP|  FF | LUT | URAM|
    +---------------------------------------+------------------------------------+---------+----+-----+-----+-----+
    |CTRL_s_axi_U                           |CTRL_s_axi                          |        0|   0|   43|   42|    0|
    |control_s_axi_U                        |control_s_axi                       |        0|   0|  182|  296|    0|
    |faddfsub_32ns_32ns_32_5_full_dsp_1_U1  |faddfsub_32ns_32ns_32_5_full_dsp_1  |        0|   2|  205|  390|    0|
    |faddfsub_32ns_32ns_32_5_full_dsp_1_U2  |faddfsub_32ns_32ns_32_5_full_dsp_1  |        0|   2|  205|  390|    0|
    |fcmp_32ns_32ns_1_2_no_dsp_1_U7         |fcmp_32ns_32ns_1_2_no_dsp_1         |        0|   0|    0|    0|    0|
    |fmul_32ns_32ns_32_4_max_dsp_1_U4       |fmul_32ns_32ns_32_4_max_dsp_1       |        0|   3|  143|  321|    0|
    |fmul_32ns_32ns_32_4_max_dsp_1_U5       |fmul_32ns_32ns_32_4_max_dsp_1       |        0|   3|  143|  321|    0|
    |fmul_32ns_32ns_32_4_max_dsp_1_U6       |fmul_32ns_32ns_32_4_max_dsp_1       |        0|   3|  143|  321|    0|
    |fsub_32ns_32ns_32_5_full_dsp_1_U3      |fsub_32ns_32ns_32_5_full_dsp_1      |        0|   2|  205|  390|    0|
    +---------------------------------------+------------------------------------+---------+----+-----+-----+-----+
    |Total                                  |                                    |        0|  15| 1269| 2471|    0|
    +---------------------------------------+------------------------------------+---------+----+-----+-----+-----+

    * DSP: 
    N/A

    * Memory: 
    N/A

    * FIFO: 
    N/A

    * Expression: 
    +---------------------------+----------+----+---+----+------------+------------+
    |       Variable Name       | Operation| DSP| FF| LUT| Bitwidth P0| Bitwidth P1|
    +---------------------------+----------+----+---+----+------------+------------+
    |and_ln22_fu_309_p2         |       and|   0|  0|   2|           1|           1|
    |and_ln37_10_fu_982_p2      |       and|   0|  0|   2|           1|           1|
    |and_ln37_11_fu_1041_p2     |       and|   0|  0|   2|           1|           1|
    |and_ln37_12_fu_1100_p2     |       and|   0|  0|   2|           1|           1|
    |and_ln37_13_fu_1158_p2     |       and|   0|  0|   2|           1|           1|
    |and_ln37_14_fu_1216_p2     |       and|   0|  0|   2|           1|           1|
    |and_ln37_15_fu_1274_p2     |       and|   0|  0|   2|           1|           1|
    |and_ln37_1_fu_451_p2       |       and|   0|  0|   2|           1|           1|
    |and_ln37_2_fu_510_p2       |       and|   0|  0|   2|           1|           1|
    |and_ln37_3_fu_569_p2       |       and|   0|  0|   2|           1|           1|
    |and_ln37_4_fu_628_p2       |       and|   0|  0|   2|           1|           1|
    |and_ln37_5_fu_687_p2       |       and|   0|  0|   2|           1|           1|
    |and_ln37_6_fu_746_p2       |       and|   0|  0|   2|           1|           1|
    |and_ln37_7_fu_805_p2       |       and|   0|  0|   2|           1|           1|
    |and_ln37_8_fu_864_p2       |       and|   0|  0|   2|           1|           1|
    |and_ln37_9_fu_923_p2       |       and|   0|  0|   2|           1|           1|
    |and_ln37_fu_385_p2         |       and|   0|  0|   2|           1|           1|
    |icmp_ln22_1_fu_297_p2      |      icmp|   0|  0|  15|          23|           1|
    |icmp_ln22_fu_291_p2        |      icmp|   0|  0|  11|           8|           2|
    |icmp_ln37_10_fu_669_p2     |      icmp|   0|  0|  11|           8|           2|
    |icmp_ln37_11_fu_675_p2     |      icmp|   0|  0|  15|          23|           1|
    |icmp_ln37_12_fu_728_p2     |      icmp|   0|  0|  11|           8|           2|
    |icmp_ln37_13_fu_734_p2     |      icmp|   0|  0|  15|          23|           1|
    |icmp_ln37_14_fu_787_p2     |      icmp|   0|  0|  11|           8|           2|
    |icmp_ln37_15_fu_793_p2     |      icmp|   0|  0|  15|          23|           1|
    |icmp_ln37_16_fu_846_p2     |      icmp|   0|  0|  11|           8|           2|
    |icmp_ln37_17_fu_852_p2     |      icmp|   0|  0|  15|          23|           1|
    |icmp_ln37_18_fu_905_p2     |      icmp|   0|  0|  11|           8|           2|
    |icmp_ln37_19_fu_911_p2     |      icmp|   0|  0|  15|          23|           1|
    |icmp_ln37_1_fu_373_p2      |      icmp|   0|  0|  15|          23|           1|
    |icmp_ln37_20_fu_964_p2     |      icmp|   0|  0|  11|           8|           2|
    |icmp_ln37_21_fu_970_p2     |      icmp|   0|  0|  15|          23|           1|
    |icmp_ln37_22_fu_1023_p2    |      icmp|   0|  0|  11|           8|           2|
    |icmp_ln37_23_fu_1029_p2    |      icmp|   0|  0|  15|          23|           1|
    |icmp_ln37_24_fu_1082_p2    |      icmp|   0|  0|  11|           8|           2|
    |icmp_ln37_25_fu_1088_p2    |      icmp|   0|  0|  15|          23|           1|
    |icmp_ln37_26_fu_1140_p2    |      icmp|   0|  0|  11|           8|           2|
    |icmp_ln37_27_fu_1146_p2    |      icmp|   0|  0|  15|          23|           1|
    |icmp_ln37_28_fu_1198_p2    |      icmp|   0|  0|  11|           8|           2|
    |icmp_ln37_29_fu_1204_p2    |      icmp|   0|  0|  15|          23|           1|
    |icmp_ln37_2_fu_433_p2      |      icmp|   0|  0|  11|           8|           2|
    |icmp_ln37_30_fu_1256_p2    |      icmp|   0|  0|  11|           8|           2|
    |icmp_ln37_31_fu_1262_p2    |      icmp|   0|  0|  15|          23|           1|
    |icmp_ln37_3_fu_439_p2      |      icmp|   0|  0|  15|          23|           1|
    |icmp_ln37_4_fu_492_p2      |      icmp|   0|  0|  11|           8|           2|
    |icmp_ln37_5_fu_498_p2      |      icmp|   0|  0|  15|          23|           1|
    |icmp_ln37_6_fu_551_p2      |      icmp|   0|  0|  11|           8|           2|
    |icmp_ln37_7_fu_557_p2      |      icmp|   0|  0|  15|          23|           1|
    |icmp_ln37_8_fu_610_p2      |      icmp|   0|  0|  11|           8|           2|
    |icmp_ln37_9_fu_616_p2      |      icmp|   0|  0|  15|          23|           1|
    |icmp_ln37_fu_367_p2        |      icmp|   0|  0|  11|           8|           2|
    |or_ln22_fu_303_p2          |        or|   0|  0|   2|           1|           1|
    |or_ln37_10_fu_976_p2       |        or|   0|  0|   2|           1|           1|
    |or_ln37_11_fu_1035_p2      |        or|   0|  0|   2|           1|           1|
    |or_ln37_12_fu_1094_p2      |        or|   0|  0|   2|           1|           1|
    |or_ln37_13_fu_1152_p2      |        or|   0|  0|   2|           1|           1|
    |or_ln37_14_fu_1210_p2      |        or|   0|  0|   2|           1|           1|
    |or_ln37_15_fu_1268_p2      |        or|   0|  0|   2|           1|           1|
    |or_ln37_1_fu_445_p2        |        or|   0|  0|   2|           1|           1|
    |or_ln37_2_fu_504_p2        |        or|   0|  0|   2|           1|           1|
    |or_ln37_3_fu_563_p2        |        or|   0|  0|   2|           1|           1|
    |or_ln37_4_fu_622_p2        |        or|   0|  0|   2|           1|           1|
    |or_ln37_5_fu_681_p2        |        or|   0|  0|   2|           1|           1|
    |or_ln37_6_fu_740_p2        |        or|   0|  0|   2|           1|           1|
    |or_ln37_7_fu_799_p2        |        or|   0|  0|   2|           1|           1|
    |or_ln37_8_fu_858_p2        |        or|   0|  0|   2|           1|           1|
    |or_ln37_9_fu_917_p2        |        or|   0|  0|   2|           1|           1|
    |or_ln37_fu_379_p2          |        or|   0|  0|   2|           1|           1|
    |angle_fu_408_p3            |    select|   0|  0|  32|           1|          30|
    |c_x_18_fu_337_p3           |    select|   0|  0|  32|           1|          32|
    |c_y_1_fu_343_p3            |    select|   0|  0|  32|           1|          32|
    |select_ln43_10_fu_988_p3   |    select|   0|  0|  32|           1|          32|
    |select_ln43_11_fu_1047_p3  |    select|   0|  0|  32|           1|          32|
    |select_ln43_12_fu_1106_p3  |    select|   0|  0|  32|           1|          32|
    |select_ln43_13_fu_1164_p3  |    select|   0|  0|  32|           1|          32|
    |select_ln43_14_fu_1230_p3  |    select|   0|  0|  32|           1|          32|
    |select_ln43_15_fu_1288_p3  |    select|   0|  0|  32|           1|          32|
    |select_ln43_1_fu_457_p3    |    select|   0|  0|  32|           1|          32|
    |select_ln43_2_fu_516_p3    |    select|   0|  0|  32|           1|          32|
    |select_ln43_3_fu_575_p3    |    select|   0|  0|  32|           1|          32|
    |select_ln43_4_fu_634_p3    |    select|   0|  0|  32|           1|          32|
    |select_ln43_5_fu_693_p3    |    select|   0|  0|  32|           1|          32|
    |select_ln43_6_fu_752_p3    |    select|   0|  0|  32|           1|          32|
    |select_ln43_7_fu_811_p3    |    select|   0|  0|  32|           1|          32|
    |select_ln43_8_fu_870_p3    |    select|   0|  0|  32|           1|          32|
    |select_ln43_9_fu_929_p3    |    select|   0|  0|  32|           1|          32|
    |select_ln43_fu_391_p3      |    select|   0|  0|  32|           1|          32|
    |select_ln44_10_fu_996_p3   |    select|   0|  0|  32|           1|          30|
    |select_ln44_11_fu_1055_p3  |    select|   0|  0|  32|           1|          30|
    |select_ln44_12_fu_1114_p3  |    select|   0|  0|  32|           1|          30|
    |select_ln44_13_fu_1172_p3  |    select|   0|  0|  32|           1|          30|
    |select_ln44_14_fu_1222_p3  |    select|   0|  0|  32|           1|          30|
    |select_ln44_1_fu_465_p3    |    select|   0|  0|  32|           1|          30|
    |select_ln44_2_fu_524_p3    |    select|   0|  0|  32|           1|          30|
    |select_ln44_3_fu_583_p3    |    select|   0|  0|  32|           1|          30|
    |select_ln44_4_fu_642_p3    |    select|   0|  0|  32|           1|          30|
    |select_ln44_5_fu_701_p3    |    select|   0|  0|  32|           1|          30|
    |select_ln44_6_fu_760_p3    |    select|   0|  0|  32|           1|          30|
    |select_ln44_7_fu_819_p3    |    select|   0|  0|  32|           1|          30|
    |select_ln44_8_fu_878_p3    |    select|   0|  0|  32|           1|          30|
    |select_ln44_9_fu_937_p3    |    select|   0|  0|  32|           1|          30|
    |select_ln44_fu_399_p3      |    select|   0|  0|  32|           1|          30|
    |select_ln45_fu_1280_p3     |    select|   0|  0|  32|           1|          30|
    |xor_ln25_fu_318_p2         |       xor|   0|  0|  33|          32|          33|
    |xor_ln29_fu_328_p2         |       xor|   0|  0|  33|          32|          33|
    +---------------------------+----------+----+---+----+------------+------------+
    |Total                      |          |   0|  0|1696|         660|        1237|
    +---------------------------+----------+----+---+----+------------+------------+

    * Multiplexer: 
    +-------------------+------+-----------+-----+-----------+
    |        Name       |  LUT | Input Size| Bits| Total Bits|
    +-------------------+------+-----------+-----+-----------+
    |ap_NS_fsm          |  1208|        227|    1|        227|
    |grp_fu_174_opcode  |    14|          3|    2|          6|
    |grp_fu_174_p0      |    31|          6|   32|        192|
    |grp_fu_174_p1      |    37|          7|   32|        224|
    |grp_fu_178_opcode  |    14|          3|    2|          6|
    |grp_fu_178_p0      |    31|          6|   32|        192|
    |grp_fu_178_p1      |    14|          3|   32|         96|
    |grp_fu_186_p0      |    93|         19|   32|        608|
    |grp_fu_186_p1      |    31|          6|   32|        192|
    |grp_fu_190_p0      |    65|         16|   32|        512|
    |grp_fu_190_p1      |    65|         14|   32|        448|
    |grp_fu_194_p0      |    65|         13|   32|        416|
    |grp_fu_194_p1      |    65|         13|   32|        416|
    |grp_fu_222_opcode  |    14|          3|    5|         15|
    |grp_fu_222_p0      |    25|          5|   32|        160|
    +-------------------+------+-----------+-----+-----------+
    |Total              |  1772|        344|  362|       3710|
    +-------------------+------+-----------+-----+-----------+

    * Register: 
    +-------------------------+-----+----+-----+-----------+
    |           Name          |  FF | LUT| Bits| Const Bits|
    +-------------------------+-----+----+-----+-----------+
    |and_ln22_reg_1324        |    1|   0|    1|          0|
    |and_ln37_10_reg_1530     |    1|   0|    1|          0|
    |and_ln37_11_reg_1547     |    1|   0|    1|          0|
    |and_ln37_12_reg_1564     |    1|   0|    1|          0|
    |and_ln37_13_reg_1586     |    1|   0|    1|          0|
    |and_ln37_14_reg_1603     |    1|   0|    1|          0|
    |and_ln37_15_reg_1619     |    1|   0|    1|          0|
    |and_ln37_1_reg_1372      |    1|   0|    1|          0|
    |and_ln37_2_reg_1394      |    1|   0|    1|          0|
    |and_ln37_3_reg_1411      |    1|   0|    1|          0|
    |and_ln37_4_reg_1428      |    1|   0|    1|          0|
    |and_ln37_5_reg_1445      |    1|   0|    1|          0|
    |and_ln37_6_reg_1462      |    1|   0|    1|          0|
    |and_ln37_7_reg_1479      |    1|   0|    1|          0|
    |and_ln37_8_reg_1496      |    1|   0|    1|          0|
    |and_ln37_9_reg_1513      |    1|   0|    1|          0|
    |and_ln37_reg_1345        |    1|   0|    1|          0|
    |angle_13_reg_1581        |   32|   0|   32|          0|
    |angle_1_reg_1367         |   32|   0|   32|          0|
    |angle_2_reg_1389         |   32|   0|   32|          0|
    |angle_reg_1362           |    1|   0|   32|         31|
    |ap_CS_fsm                |  226|   0|  226|          0|
    |bitcast_ln22_reg_1319    |   32|   0|   32|          0|
    |c_x_18_reg_1331          |   32|   0|   32|          0|
    |c_y_1_reg_1337           |   32|   0|   32|          0|
    |reg_228                  |   32|   0|   32|          0|
    |reg_233                  |   32|   0|   32|          0|
    |reg_239                  |   32|   0|   32|          0|
    |reg_245                  |   32|   0|   32|          0|
    |reg_253                  |   32|   0|   32|          0|
    |reg_261                  |   32|   0|   32|          0|
    |reg_266                  |   32|   0|   32|          0|
    |select_ln44_12_reg_1575  |    1|   0|   32|         31|
    |select_ln44_13_reg_1597  |    1|   0|   32|         31|
    |select_ln44_14_reg_1608  |    1|   0|   32|         31|
    |select_ln45_reg_1624     |    1|   0|   32|         31|
    |x_read_reg_1313          |   32|   0|   32|          0|
    |y_read_reg_1306          |   32|   0|   32|          0|
    +-------------------------+-----+----+-----+-----------+
    |Total                    |  728|   0|  883|        155|
    +-------------------------+-----+----+-----+-----------+



================================================================
== Interface
================================================================
* Summary: 
+-----------------------+-----+-----+------------+----------------+--------------+
|       RTL Ports       | Dir | Bits|  Protocol  |  Source Object |    C Type    |
+-----------------------+-----+-----+------------+----------------+--------------+
|s_axi_CTRL_AWVALID     |   in|    1|       s_axi|            CTRL|        scalar|
|s_axi_CTRL_AWREADY     |  out|    1|       s_axi|            CTRL|        scalar|
|s_axi_CTRL_AWADDR      |   in|    4|       s_axi|            CTRL|        scalar|
|s_axi_CTRL_WVALID      |   in|    1|       s_axi|            CTRL|        scalar|
|s_axi_CTRL_WREADY      |  out|    1|       s_axi|            CTRL|        scalar|
|s_axi_CTRL_WDATA       |   in|   32|       s_axi|            CTRL|        scalar|
|s_axi_CTRL_WSTRB       |   in|    4|       s_axi|            CTRL|        scalar|
|s_axi_CTRL_ARVALID     |   in|    1|       s_axi|            CTRL|        scalar|
|s_axi_CTRL_ARREADY     |  out|    1|       s_axi|            CTRL|        scalar|
|s_axi_CTRL_ARADDR      |   in|    4|       s_axi|            CTRL|        scalar|
|s_axi_CTRL_RVALID      |  out|    1|       s_axi|            CTRL|        scalar|
|s_axi_CTRL_RREADY      |   in|    1|       s_axi|            CTRL|        scalar|
|s_axi_CTRL_RDATA       |  out|   32|       s_axi|            CTRL|        scalar|
|s_axi_CTRL_RRESP       |  out|    2|       s_axi|            CTRL|        scalar|
|s_axi_CTRL_BVALID      |  out|    1|       s_axi|            CTRL|        scalar|
|s_axi_CTRL_BREADY      |   in|    1|       s_axi|            CTRL|        scalar|
|s_axi_CTRL_BRESP       |  out|    2|       s_axi|            CTRL|        scalar|
|s_axi_control_AWVALID  |   in|    1|       s_axi|         control|       pointer|
|s_axi_control_AWREADY  |  out|    1|       s_axi|         control|       pointer|
|s_axi_control_AWADDR   |   in|    6|       s_axi|         control|       pointer|
|s_axi_control_WVALID   |   in|    1|       s_axi|         control|       pointer|
|s_axi_control_WREADY   |  out|    1|       s_axi|         control|       pointer|
|s_axi_control_WDATA    |   in|   32|       s_axi|         control|       pointer|
|s_axi_control_WSTRB    |   in|    4|       s_axi|         control|       pointer|
|s_axi_control_ARVALID  |   in|    1|       s_axi|         control|       pointer|
|s_axi_control_ARREADY  |  out|    1|       s_axi|         control|       pointer|
|s_axi_control_ARADDR   |   in|    6|       s_axi|         control|       pointer|
|s_axi_control_RVALID   |  out|    1|       s_axi|         control|       pointer|
|s_axi_control_RREADY   |   in|    1|       s_axi|         control|       pointer|
|s_axi_control_RDATA    |  out|   32|       s_axi|         control|       pointer|
|s_axi_control_RRESP    |  out|    2|       s_axi|         control|       pointer|
|s_axi_control_BVALID   |  out|    1|       s_axi|         control|       pointer|
|s_axi_control_BREADY   |   in|    1|       s_axi|         control|       pointer|
|s_axi_control_BRESP    |  out|    2|       s_axi|         control|       pointer|
|ap_local_block         |  out|    1|  ap_ctrl_hs|  cordiccart2pol|  return value|
|ap_clk                 |   in|    1|  ap_ctrl_hs|  cordiccart2pol|  return value|
|ap_rst_n               |   in|    1|  ap_ctrl_hs|  cordiccart2pol|  return value|
|interrupt              |  out|    1|  ap_ctrl_hs|  cordiccart2pol|  return value|
+-----------------------+-----+-----+------------+----------------+--------------+

